// Jest Snapshot v1, https://goo.gl/fbAQLP

exports[`Button component renders UI correctly 1`] = `
<a
  className="Button"
  href="/"
  onClick={[Function]}
/>
`;
