// Jest Snapshot v1, https://goo.gl/fbAQLP

exports[`Landing component renders UI correctly 1`] = `
<div
  className="Landing"
>
  <h1
    className="description"
  >
    Â Ever wonder what you could throw together with all the odds and ends in your pantry?
  </h1>
  <img
    alt="tour"
    className="tourButton"
    onClick={[Function]}
    src="tour.png"
  />
  <img
    alt="register"
    className="registerButton"
    onClick={[Function]}
    src="register.png"
  />
  <p
    className="version"
  >
    Beta v1.0.0
  </p>
</div>
`;
