// Jest Snapshot v1, https://goo.gl/fbAQLP

exports[`BackButton component renders UI correctly 1`] = `
<button
  className="BackButton"
  onClick={[Function]}
>
  back
</button>
`;
