// Jest Snapshot v1, https://goo.gl/fbAQLP

exports[`Pantry component renders UI correctly 1`] = `
<div
  className="Pantry"
>
  <h1
    className="Pantry_title"
  >
    Â Let's fill that Pantry, 
    buddy
    !
  </h1>
  <section
    className="Pantry_icons"
  >
    <img
      alt="meat"
      id="meat"
      onClick={[Function]}
      src="sausage.png"
    />
    <img
      alt="vegetable"
      id="vegetable"
      onClick={[Function]}
      src="broccoli.png"
    />
    <img
      alt="dairy"
      id="dairy"
      onClick={[Function]}
      src="milk.png"
    />
    <img
      alt="grain"
      id="grain"
      onClick={[Function]}
      src="loaf.png"
    />
    <img
      alt="fruit"
      id="fruit"
      onClick={[Function]}
      src="strawberry.png"
    />
    <img
      alt="other"
      id="other"
      onClick={[Function]}
      src="Salt_n_Pepper.png"
    />
  </section>
  <img
    alt="recipe_book"
    className="recipes"
    onClick={[Function]}
    src="book.png"
  />
</div>
`;
