// Jest Snapshot v1, https://goo.gl/fbAQLP

exports[`App component renders UI correctly 1`] = `
<div
  className="App"
>
  <header
    className="Header"
  >
    <img
      alt="Pantry Buddy logo"
      className="logo"
      onClick={[Function]}
      src="pantry.png"
    />
    <i
      className="fas fa-key login_icon"
      onClick={[Function]}
    />
  </header>
  <div
    className="Landing"
  >
    <h1
      className="description"
    >
      Â Ever wonder what you could throw together with all the odds and ends in your pantry?
    </h1>
    <img
      alt="tour"
      className="tourButton"
      onClick={[Function]}
      src="tour.png"
    />
    <img
      alt="register"
      className="registerButton"
      onClick={[Function]}
      src="register.png"
    />
    <p
      className="version"
    >
      Beta v1.0.0
    </p>
  </div>
  <div
    className="landscape_notice"
  >
    <h1>
      Please rotate your device
    </h1>
    <h3>
      We don't support landscape mode yet. Please go back to portrait mode for the best experience.
    </h3>
  </div>
</div>
`;
