// Jest Snapshot v1, https://goo.gl/fbAQLP

exports[`Pantry component renders UI correctly 1`] = `
<div
  className="GuestPantry"
>
  <h1
    className="GuestPantry_title"
  >
    Â Let's fill that Pantry, Guest!
  </h1>
  <section
    className="GuestPantry_icons"
  >
    <img
      alt="meat"
      id="meat"
      onClick={[Function]}
      src="sausage.png"
    />
    <img
      alt="vegetable"
      id="vegetable"
      onClick={[Function]}
      src="broccoli.png"
    />
    <img
      alt="dairy"
      id="dairy"
      onClick={[Function]}
      src="milk.png"
    />
    <img
      alt="grain"
      id="grain"
      onClick={[Function]}
      src="loaf.png"
    />
    <img
      alt="fruit"
      id="fruit"
      onClick={[Function]}
      src="strawberry.png"
    />
    <img
      alt="condiment"
      id="condiment"
      onClick={[Function]}
      src="Salt_n_Pepper.png"
    />
  </section>
  <img
    alt="arrow"
    className="arrow_one pulse"
    src="arrow.png"
  />
  <img
    alt="recipe_book"
    className="GuestPantry_recipes"
    onClick={[Function]}
    src="book.png"
  />
</div>
`;
